d:\school\advanced oop\aboone_project3\aboone_project1\x64\debug\aboone_project1.pch
d:\school\advanced oop\aboone_project3\aboone_project1\x64\debug\vc143.pdb
h:\school\advanced oop\aboone_project3\aboone_project1\x64\debug\aboone_project1.pch
h:\school\advanced oop\aboone_project3\aboone_project1\x64\debug\vc143.pdb
h:\school\advanced oop\aboone_project3\aboone_project1\x64\debug\pch.obj
h:\school\advanced oop\aboone_project3\aboone_project1\x64\debug\wave.obj
h:\school\advanced oop\aboone_project3\aboone_project1\x64\debug\stockreader.obj
h:\school\advanced oop\aboone_project3\aboone_project1\x64\debug\peakvalley.obj
h:\school\advanced oop\aboone_project3\aboone_project1\x64\debug\form_ui.obj
h:\school\advanced oop\aboone_project3\aboone_project1\x64\debug\cppclr_winformsproject.obj
h:\school\advanced oop\aboone_project3\aboone_project1\x64\debug\candlestick.obj
h:\school\advanced oop\aboone_project3\aboone_project1\x64\debug\assemblyinfo.obj
h:\school\advanced oop\aboone_project3\aboone_project1\x64\debug\.netframework,version=v4.7.2.assemblyattributes.obj
h:\school\advanced oop\aboone_project3\x64\debug\aboone_project1.exe
h:\school\advanced oop\aboone_project3\aboone_project1\x64\debug\app.res
h:\school\advanced oop\aboone_project3\x64\debug\aboone_project1.pdb
h:\school\advanced oop\aboone_project3\aboone_project1\x64\debug\aboone_project1.tlog\metagen.write.1.tlog
h:\school\advanced oop\aboone_project3\aboone_project1\x64\debug\aboone_project1.tlog\cl.read.1.tlog
h:\school\advanced oop\aboone_project3\aboone_project1\x64\debug\aboone_project1.tlog\cl.write.1.tlog
h:\school\advanced oop\aboone_project3\aboone_project1\x64\debug\aboone_project1.tlog\cl.command.1.tlog
h:\school\advanced oop\aboone_project3\aboone_project1\x64\debug\aboone_project1.tlog\metagen.read.1.tlog
h:\school\advanced oop\aboone_project3\aboone_project1\x64\debug\aboone_project1.tlog\resgen.command.1.tlog
h:\school\advanced oop\aboone_project3\aboone_project1\x64\debug\aboone_project1.tlog\resgen.read.1.tlog
h:\school\advanced oop\aboone_project3\aboone_project1\x64\debug\aboone_project1.tlog\resgen.write.1.tlog
h:\school\advanced oop\aboone_project3\aboone_project1\x64\debug\aboone_project1.tlog\rc.read.1.tlog
h:\school\advanced oop\aboone_project3\aboone_project1\x64\debug\aboone_project1.tlog\rc.write.1.tlog
h:\school\advanced oop\aboone_project3\aboone_project1\x64\debug\aboone_project1.tlog\rc.command.1.tlog
h:\school\advanced oop\aboone_project3\aboone_project1\x64\debug\aboone_project1.tlog\link.read.2.tlog
h:\school\advanced oop\aboone_project3\aboone_project1\x64\debug\aboone_project1.tlog\link.write.1.tlog
h:\school\advanced oop\aboone_project3\aboone_project1\x64\debug\aboone_project1.tlog\link.secondary.1.tlog
h:\school\advanced oop\aboone_project3\aboone_project1\x64\debug\aboone_project1.tlog\link.command.1.tlog
h:\school\advanced oop\aboone_project3\aboone_project1\x64\debug\aboone_project1.tlog\cl.items.tlog
