h:\school\advanced oop\technicalanalysistool\technicalanalysis\x64\debug\technicalanalysis.pch
h:\school\advanced oop\technicalanalysistool\technicalanalysis\x64\debug\vc143.pdb
h:\school\advanced oop\technicalanalysistool\technicalanalysis\x64\debug\pch.obj
h:\school\advanced oop\technicalanalysistool\technicalanalysis\x64\debug\wave.obj
h:\school\advanced oop\technicalanalysistool\technicalanalysis\x64\debug\stockreader.obj
h:\school\advanced oop\technicalanalysistool\technicalanalysis\x64\debug\peakvalley.obj
h:\school\advanced oop\technicalanalysistool\technicalanalysis\x64\debug\form_ui.obj
h:\school\advanced oop\technicalanalysistool\technicalanalysis\x64\debug\cppclr_winformsproject.obj
h:\school\advanced oop\technicalanalysistool\technicalanalysis\x64\debug\candlestick.obj
h:\school\advanced oop\technicalanalysistool\technicalanalysis\x64\debug\assemblyinfo.obj
h:\school\advanced oop\technicalanalysistool\technicalanalysis\x64\debug\.netframework,version=v4.7.2.assemblyattributes.obj
h:\school\advanced oop\technicalanalysistool\x64\debug\technicalanalysis.exe
h:\school\advanced oop\technicalanalysistool\technicalanalysis\x64\debug\app.res
h:\school\advanced oop\technicalanalysistool\x64\debug\technicalanalysis.pdb
h:\school\advanced oop\technicalanalysistool\technicalanalysis\x64\debug\technica.137b22bd.tlog\metagen.write.1.tlog
h:\school\advanced oop\technicalanalysistool\technicalanalysis\x64\debug\technica.137b22bd.tlog\cl.read.1.tlog
h:\school\advanced oop\technicalanalysistool\technicalanalysis\x64\debug\technica.137b22bd.tlog\cl.write.1.tlog
h:\school\advanced oop\technicalanalysistool\technicalanalysis\x64\debug\technica.137b22bd.tlog\cl.command.1.tlog
h:\school\advanced oop\technicalanalysistool\technicalanalysis\x64\debug\technica.137b22bd.tlog\metagen.read.1.tlog
h:\school\advanced oop\technicalanalysistool\technicalanalysis\x64\debug\technica.137b22bd.tlog\resgen.command.1.tlog
h:\school\advanced oop\technicalanalysistool\technicalanalysis\x64\debug\technica.137b22bd.tlog\resgen.read.1.tlog
h:\school\advanced oop\technicalanalysistool\technicalanalysis\x64\debug\technica.137b22bd.tlog\resgen.write.1.tlog
h:\school\advanced oop\technicalanalysistool\technicalanalysis\x64\debug\technica.137b22bd.tlog\rc.read.1.tlog
h:\school\advanced oop\technicalanalysistool\technicalanalysis\x64\debug\technica.137b22bd.tlog\rc.write.1.tlog
h:\school\advanced oop\technicalanalysistool\technicalanalysis\x64\debug\technica.137b22bd.tlog\rc.command.1.tlog
h:\school\advanced oop\technicalanalysistool\technicalanalysis\x64\debug\technica.137b22bd.tlog\link.read.3.tlog
h:\school\advanced oop\technicalanalysistool\technicalanalysis\x64\debug\technica.137b22bd.tlog\link.write.1.tlog
h:\school\advanced oop\technicalanalysistool\technicalanalysis\x64\debug\technica.137b22bd.tlog\link.secondary.1.tlog
h:\school\advanced oop\technicalanalysistool\technicalanalysis\x64\debug\technica.137b22bd.tlog\link.command.1.tlog
h:\school\advanced oop\technicalanalysistool\technicalanalysis\x64\debug\technica.137b22bd.tlog\cl.items.tlog
